// Jest Snapshot v1, https://goo.gl/fbAQLP

exports[`Footer component renders without crashing 1`] = `
<div>
  <footer
    class="chakra-container footer css-vhc7ah"
  >
    <div
      class="css-hv056j"
    >
      <ul
        class="footer-left css-j7qwjs"
      >
        <li
          class="css-k008qs"
        >
          <a
            href="/"
          >
            <div
              class="logo css-759u60"
            />
          </a>
        </li>
        <li
          class="css-k008qs"
        >
          <span
            class="chakra-text css-lsakg3"
          >
            Copyright Â© 2023, Giang Nguyen
            <br />
            All rights reserved.
          </span>
        </li>
        <li
          class="link-social css-1ov7iep"
        >
          <a
            href="/"
          >
            <div
              class="css-1wojifn"
            >
              <img
                alt="The social icon"
                class="chakra-image css-v67zxb"
                src=""
              />
            </div>
          </a>
          <a
            href="/"
          >
            <div
              class="css-1wojifn"
            >
              <img
                alt="The social icon"
                class="chakra-image css-v67zxb"
                src=""
              />
            </div>
          </a>
          <a
            href="/"
          >
            <div
              class="css-1wojifn"
            >
              <img
                alt="The social icon"
                class="chakra-image css-v67zxb"
                src=""
              />
            </div>
          </a>
        </li>
      </ul>
      <ul
        class="footer-right css-1jnspk1"
      >
        <li
          class="footer-column css-j7qwjs"
        >
          <span
            class="chakra-text css-1c6t563"
          >
            Discover
          </span>
          <ul
            class="footer-column-items css-j7qwjs"
          >
            <li
              class="css-1l0pjoz"
            >
              <a
                href="/"
              >
                <span
                  class="chakra-text footer-link css-14cj6ry"
                >
                  Home
                </span>
              </a>
            </li>
            <li
              class="css-1l0pjoz"
            >
              <a
                href="/"
              >
                <span
                  class="chakra-text footer-link css-14cj6ry"
                >
                  Products
                </span>
              </a>
            </li>
          </ul>
        </li>
        <li
          class="footer-column css-j7qwjs"
        >
          <span
            class="chakra-text css-1c6t563"
          >
            About Us
          </span>
          <ul
            class="footer-column-items css-j7qwjs"
          >
            <li
              class="css-1l0pjoz"
            >
              <a
                href="/"
              >
                <span
                  class="chakra-text footer-link css-14cj6ry"
                >
                  Privacy Policy
                </span>
              </a>
            </li>
            <li
              class="css-1l0pjoz"
            >
              <a
                href="/"
              >
                <span
                  class="chakra-text footer-link css-14cj6ry"
                >
                  Service Terms
                </span>
              </a>
            </li>
            <li
              class="css-1l0pjoz"
            >
              <a
                href="/"
              >
                <span
                  class="chakra-text footer-link css-14cj6ry"
                >
                  Contact
                </span>
              </a>
            </li>
          </ul>
        </li>
        <li
          class="footer-column css-j7qwjs"
        >
          <span
            class="chakra-text css-1c6t563"
          >
            Help
          </span>
          <ul
            class="footer-column-items css-j7qwjs"
          >
            <li
              class="css-1l0pjoz"
            >
              <a
                href="/"
              >
                <span
                  class="chakra-text footer-link css-14cj6ry"
                >
                  Help Center
                </span>
              </a>
            </li>
            <li
              class="css-1l0pjoz"
            >
              <a
                href="/"
              >
                <span
                  class="chakra-text footer-link css-14cj6ry"
                >
                  Report a Problem
                </span>
              </a>
            </li>
          </ul>
        </li>
      </ul>
    </div>
  </footer>
  <span
    hidden=""
    id="__chakra_env"
  />
</div>
`;
