// Jest Snapshot v1, https://goo.gl/fbAQLP

exports[`ConfirmDialog Component renders correctly 1`] = `
<div
  aria-hidden="true"
  data-aria-hidden="true"
/>
`;
