// Jest Snapshot v1, https://goo.gl/fbAQLP

exports[`ProductListHeader Component matches snapshot 1`] = `
<DocumentFragment>
  <div
    class="css-cxazlp"
  >
    <h2
      class="chakra-heading product-list-title css-dq1xb9"
    >
      All Products
    </h2>
    <div
      class="css-lxhvv8"
    >
      <span
        class="chakra-text css-fimz8h"
      />
      <blockquote
        class="chakra-text maxim css-1jtzl7c"
      >
        Complete range of products for all your needs
      </blockquote>
      <span
        class="chakra-text css-fimz8h"
      />
    </div>
  </div>
</DocumentFragment>
`;
