// Jest Snapshot v1, https://goo.gl/fbAQLP

exports[`InputField Component renders the component with default props 1`] = `
<div>
  <div
    class="chakra-form-control input-field css-0"
    role="group"
  >
    <label
      class="chakra-form__label form-label css-k0s0px"
      data-invalid=""
      for="field-:r0:"
      id="field-:r0:-label"
    >
      Test Label
      :
      <span
        aria-hidden="true"
        class="chakra-form__required-indicator css-0"
        role="presentation"
      >
        *
      </span>
    </label>
    <input
      aria-describedby="field-:r0:-feedback"
      aria-invalid="true"
      aria-label="Input Field"
      aria-required="true"
      class="chakra-input css-16crra2"
      id="field-:r0:"
      max="10"
      min="0"
      name="test"
      required=""
      type="text"
      value="initial value"
    />
    <div
      aria-live="polite"
      class="chakra-form__error-message css-c80spl"
      id="field-:r0:-feedback"
    >
      Error message
    </div>
  </div>
</div>
`;
