// Jest Snapshot v1, https://goo.gl/fbAQLP

exports[`ContactInfo component renders contact information 1`] = `
<div>
  <section
    class="chakra-container contact-information css-old1by"
  >
    <div
      class="css-1w32bio"
    >
      <div
        class="css-1gfsowa"
      >
        <div
          class="css-wkpw2c"
        >
          <img
            alt="our main office icon"
            class="chakra-image css-1wsuzl7"
            src="[object Object]"
          />
          <p
            class="chakra-text css-31u82y"
          >
            our main office
          </p>
        </div>
        SoHo 94 Broadway St New York, NY 1001
      </div>
      <div
        class="css-1gfsowa"
      >
        <div
          class="css-wkpw2c"
        >
          <img
            alt="phone number icon"
            class="chakra-image css-1wsuzl7"
            src="[object Object]"
          />
          <p
            class="chakra-text css-31u82y"
          >
            phone number
          </p>
        </div>
        <p
          class="chakra-text css-0"
        >
          234-9876-5400
        </p>
        <p
          class="chakra-text css-1xaekgw"
        >
          888-0123-4567 (Toll Free)
        </p>
      </div>
      <div
        class="css-1gfsowa"
      >
        <div
          class="css-wkpw2c"
        >
          <img
            alt="fax icon"
            class="chakra-image css-1wsuzl7"
            src="[object Object]"
          />
          <p
            class="chakra-text css-31u82y"
          >
            fax
          </p>
        </div>
        1-234-567-8900
      </div>
      <div
        class="css-1gfsowa"
      >
        <div
          class="css-wkpw2c"
        >
          <img
            alt="email icon"
            class="chakra-image css-1wsuzl7"
            src="[object Object]"
          />
          <p
            class="chakra-text css-31u82y"
          >
            email
          </p>
        </div>
        <a
          href="/"
        >
          <span
            class="chakra-text css-t8ai10"
          >
            hello@theme.com
          </span>
        </a>
      </div>
    </div>
  </section>
</div>
`;
