// Jest Snapshot v1, https://goo.gl/fbAQLP

exports[`Header component matches snapshot 1`] = `
<div>
  <header
    class="chakra-container header css-1mr40xt"
  >
    <div
      class="css-gg4vpm"
    >
      <a
        href="/"
      >
        <div
          class="logo css-759u60"
        />
      </a>
      <button
        aria-label="Open Menu"
        class="chakra-button hamburger-menu css-1lguxu9"
        type="button"
      >
        <svg
          aria-hidden="true"
          class="chakra-icon css-onkibi"
          focusable="false"
          viewBox="0 0 24 24"
        >
          <path
            d="M 3 5 A 1.0001 1.0001 0 1 0 3 7 L 21 7 A 1.0001 1.0001 0 1 0 21 5 L 3 5 z M 3 11 A 1.0001 1.0001 0 1 0 3 13 L 21 13 A 1.0001 1.0001 0 1 0 21 11 L 3 11 z M 3 17 A 1.0001 1.0001 0 1 0 3 19 L 21 19 A 1.0001 1.0001 0 1 0 21 17 L 3 17 z"
            fill="currentColor"
          />
        </svg>
      </button>
    </div>
  </header>
  <span
    hidden=""
    id="__chakra_env"
  />
</div>
`;
