// Jest Snapshot v1, https://goo.gl/fbAQLP

exports[`Modal Component renders without crashing 1`] = `
<div
  aria-hidden="true"
  data-aria-hidden="true"
/>
`;
